
Discarded input sections

 .comment       0x00000000       0x13 kernel\main.o
 .comment       0x00000000       0x13 kernel\input.o
 .comment       0x00000000       0x13 kernel\fs.o
 .comment       0x00000000       0x13 kernel\screen.o
 .comment       0x00000000       0x13 kernel\utils.o
 .comment       0x00000000       0x13 kernel\ata.o
 .comment       0x00000000       0x13 kernel\boot_info.o
 .comment       0x00000000       0x13 kernel\mem_boot.o
 .comment       0x00000000       0x13 kernel\src\mem\pfa.o

Memory Configuration

Name             Origin             Length             Attributes
ram              0x00010000         0x04000000         xrw
*default*        0x00000000         0xffffffff

Linker script and memory map

                0x00010000                        . = 0x10000

.text.start     0x00010000       0x20
 *(.text.start)
 .text.start    0x00010000       0x20 kernel\main.o
                0x00010000                start

.text           0x00010020     0x4183
 *(.text)
 .text          0x00010020      0xcfa kernel\main.o
                0x00010041                kmain
                0x0001026e                draw_editor_window
                0x00010493                windowed_write
                0x000106bb                tetra_shell
 .text          0x00010d1a      0x304 kernel\input.o
                0x00010d1a                keyboard_read_scancode
                0x00010d3b                handle_input
                0x00010e7a                get_input_char
                0x00010f35                keyboard_get_char
 .text          0x0001101e     0x1a83 kernel\fs.o
                0x000113fb                fs_flush
                0x00011683                fs_format
                0x00011955                fs_init
                0x00011abc                fs_find_in_dir
                0x00011b63                fs_find
                0x00011b7f                fs_next_free_lba
                0x00011c09                fs_read_file
                0x00011f57                fs_write_file
                0x000123a4                fs_mkdir
                0x000123bc                fs_add
                0x000123d4                fs_cd
                0x0001249d                fs_pwd
                0x000125a2                fs_ls
                0x00012754                fs_delete
                0x00012960                fs_tree
                0x00012978                fs_list
 .text          0x00012aa1      0x68f kernel\screen.o
                0x00012ac0                get_offset
                0x00012adb                scroll_if_needed
                0x00012bcb                print_char
                0x00012cf5                print_int
                0x00012db2                print_string
                0x00012de3                clear_screen
                0x00012e3b                update_cursor
                0x00012eae                set_cursor
                0x00012ec9                print_hex
                0x00012f30                print_dec
                0x00012fc7                draw_box
                0x000130c6                clear_area
 .text          0x00013130      0x668 kernel\utils.o
                0x00013130                memcpy
                0x0001316d                memset
                0x0001319b                memcmp
                0x000131f3                strcmp
                0x00013232                strncmp
                0x000132ac                strcpy
                0x000132e6                strncpy
                0x00013343                strlen
                0x0001336a                strcat
                0x00013559                snprintf
                0x000136ed                strcasecmp
 .text          0x00013798      0x798 kernel\ata.o
                0x000138d0                ata_init
                0x00013bc4                ata_read_single
                0x00013d0f                ata_write_single
                0x00013e8c                ata_read
                0x00013ede                ata_write
 .text          0x00013f30       0x37 kernel\boot_info.o
                0x00013f30                bootinfo_try_init
 .text          0x00013f67       0x1a kernel\mem_boot.o
                0x00013f67                mem_boot_init
 .text          0x00013f81      0x222 kernel\src\mem\pfa.o
                0x0001402e                pfa_init
                0x000140d2                pfa_alloc_frame
                0x00014121                pfa_free_frame
                0x0001415d                pfa_total_frames
                0x00014167                pfa_free_frames

.iplt           0x000141a3        0x0
 .iplt          0x000141a3        0x0 kernel\main.o

.rodata         0x000141a4     0x116c
 *(.rodata*)
 .rodata        0x000141a4      0x67d kernel\main.o
                0x000141a4                boot_msg
 .rodata        0x00014821        0xc kernel\input.o
 *fill*         0x0001482d        0x3 
 .rodata        0x00014830      0x924 kernel\fs.o
 .rodata        0x00015154        0x3 kernel\screen.o
 .rodata        0x00015157       0x11 kernel\utils.o
 .rodata        0x00015168      0x1a8 kernel\ata.o

.rel.dyn        0x00015310        0x0
 .rel.got       0x00015310        0x0 kernel\main.o
 .rel.iplt      0x00015310        0x0 kernel\main.o

.data           0x00015320      0x200
 *(.data)
 .data          0x00015320        0x0 kernel\main.o
 .data          0x00015320      0x200 kernel\input.o
                0x00015320                keyboard_map
                0x00015420                keyboard_map_shift
 .data          0x00015520        0x0 kernel\fs.o
 .data          0x00015520        0x0 kernel\screen.o
 .data          0x00015520        0x0 kernel\utils.o
 .data          0x00015520        0x0 kernel\ata.o
 .data          0x00015520        0x0 kernel\boot_info.o
 .data          0x00015520        0x0 kernel\mem_boot.o
 .data          0x00015520        0x0 kernel\src\mem\pfa.o

.got            0x00015520        0x0
 .got           0x00015520        0x0 kernel\main.o

.got.plt        0x00015520        0x0
 .got.plt       0x00015520        0x0 kernel\main.o

.igot.plt       0x00015520        0x0
 .igot.plt      0x00015520        0x0 kernel\main.o

.bss            0x00015520   0x417c80
 *(.bss)
 .bss           0x00015520        0x0 kernel\main.o
 .bss           0x00015520      0x20c kernel\input.o
                0x00015520                input_buffer
                0x00015720                input_index
                0x00015724                shift_pressed
                0x00015728                ctrl_pressed
 *fill*         0x0001572c       0x14 
 .bss           0x00015740   0x317a20 kernel\fs.o
                0x00015740                g_fs
                0x0001cf48                g_cwd
 .bss           0x0032d160        0x8 kernel\screen.o
                0x0032d160                cursor_row
                0x0032d164                cursor_col
 .bss           0x0032d168        0x0 kernel\utils.o
 .bss           0x0032d168        0x0 kernel\ata.o
 .bss           0x0032d168        0x0 kernel\boot_info.o
 .bss           0x0032d168        0x0 kernel\mem_boot.o
 *fill*         0x0032d168       0x18 
 .bss           0x0032d180   0x100020 kernel\src\mem\pfa.o
                0x00010000                        _kernel_start = ADDR (.text.start)
                0x0042d1a0                        _kernel_end = .

/DISCARD/
 *(.comment)
 *(.note)
 *(.eh_frame)
LOAD kernel\main.o
LOAD kernel\input.o
LOAD kernel\fs.o
LOAD kernel\screen.o
LOAD kernel\utils.o
LOAD kernel\ata.o
LOAD kernel\boot_info.o
LOAD kernel\mem_boot.o
LOAD kernel\src\mem\pfa.o
OUTPUT(kernel.elf elf32-i386)

.debug_info     0x00000000     0x2da6
 .debug_info    0x00000000      0x906 kernel\main.o
 .debug_info    0x00000906      0x234 kernel\input.o
 .debug_info    0x00000b3a      0xeb7 kernel\fs.o
 .debug_info    0x000019f1      0x4f7 kernel\screen.o
 .debug_info    0x00001ee8      0x598 kernel\utils.o
 .debug_info    0x00002480      0x4ac kernel\ata.o
 .debug_info    0x0000292c      0x117 kernel\boot_info.o
 .debug_info    0x00002a43       0xd7 kernel\mem_boot.o
 .debug_info    0x00002b1a      0x28c kernel\src\mem\pfa.o

.debug_abbrev   0x00000000      0xd17
 .debug_abbrev  0x00000000      0x267 kernel\main.o
 .debug_abbrev  0x00000267      0x11e kernel\input.o
 .debug_abbrev  0x00000385      0x2d8 kernel\fs.o
 .debug_abbrev  0x0000065d      0x16a kernel\screen.o
 .debug_abbrev  0x000007c7      0x144 kernel\utils.o
 .debug_abbrev  0x0000090b      0x174 kernel\ata.o
 .debug_abbrev  0x00000a7f       0xac kernel\boot_info.o
 .debug_abbrev  0x00000b2b       0x81 kernel\mem_boot.o
 .debug_abbrev  0x00000bac      0x16b kernel\src\mem\pfa.o

.debug_aranges  0x00000000      0x128
 .debug_aranges
                0x00000000       0x28 kernel\main.o
 .debug_aranges
                0x00000028       0x20 kernel\input.o
 .debug_aranges
                0x00000048       0x20 kernel\fs.o
 .debug_aranges
                0x00000068       0x20 kernel\screen.o
 .debug_aranges
                0x00000088       0x20 kernel\utils.o
 .debug_aranges
                0x000000a8       0x20 kernel\ata.o
 .debug_aranges
                0x000000c8       0x20 kernel\boot_info.o
 .debug_aranges
                0x000000e8       0x20 kernel\mem_boot.o
 .debug_aranges
                0x00000108       0x20 kernel\src\mem\pfa.o

.debug_rnglists
                0x00000000       0x38
 .debug_rnglists
                0x00000000       0x38 kernel\main.o

.debug_line     0x00000000     0x2134
 .debug_line    0x00000000      0x5f7 kernel\main.o
 .debug_line    0x000005f7      0x279 kernel\input.o
 .debug_line    0x00000870      0xa0a kernel\fs.o
 .debug_line    0x0000127a      0x3d3 kernel\screen.o
 .debug_line    0x0000164d      0x542 kernel\utils.o
 .debug_line    0x00001b8f      0x344 kernel\ata.o
 .debug_line    0x00001ed3       0x79 kernel\boot_info.o
 .debug_line    0x00001f4c       0x67 kernel\mem_boot.o
 .debug_line    0x00001fb3      0x181 kernel\src\mem\pfa.o

.debug_str      0x00000000      0x891
 .debug_str     0x00000000      0x891 kernel\main.o
                                0x370 (size before relaxing)
 .debug_str     0x00000891      0x1a2 kernel\input.o
 .debug_str     0x00000891      0x4e8 kernel\fs.o
 .debug_str     0x00000891      0x1ac kernel\screen.o
 .debug_str     0x00000891      0x198 kernel\utils.o
 .debug_str     0x00000891      0x1cd kernel\ata.o
 .debug_str     0x00000891      0x140 kernel\boot_info.o
 .debug_str     0x00000891      0x118 kernel\mem_boot.o
 .debug_str     0x00000891      0x1cf kernel\src\mem\pfa.o

.debug_line_str
                0x00000000      0x178
 .debug_line_str
                0x00000000      0x178 kernel\main.o
                                 0xde (size before relaxing)
 .debug_line_str
                0x00000178       0x69 kernel\input.o
 .debug_line_str
                0x00000178       0xcb kernel\fs.o
 .debug_line_str
                0x00000178       0xbb kernel\screen.o
 .debug_line_str
                0x00000178       0xc1 kernel\utils.o
 .debug_line_str
                0x00000178       0xb7 kernel\ata.o
 .debug_line_str
                0x00000178       0xdb kernel\boot_info.o
 .debug_line_str
                0x00000178       0xd6 kernel\mem_boot.o
 .debug_line_str
                0x00000178       0xd1 kernel\src\mem\pfa.o

.debug_frame    0x00000000      0xb48
 .debug_frame   0x00000000      0x124 kernel\main.o
 .debug_frame   0x00000124       0x8c kernel\input.o
 .debug_frame   0x000001b0      0x318 kernel\fs.o
 .debug_frame   0x000004c8      0x1b4 kernel\screen.o
 .debug_frame   0x0000067c      0x1b4 kernel\utils.o
 .debug_frame   0x00000830      0x194 kernel\ata.o
 .debug_frame   0x000009c4       0x34 kernel\boot_info.o
 .debug_frame   0x000009f8       0x34 kernel\mem_boot.o
 .debug_frame   0x00000a2c      0x11c kernel\src\mem\pfa.o
